border_size=1
usage=map

Wo          , Wo          , Wo          , Wo          , Wo          , Wo          , Wo          , Wo          , Wo          , Wo          , Wo          , Wo          , Wo          , Wo          , Wo          , Wo          , Wo          , Wo          , Wo          , Wo          , Wo          , Wo          
Wo          , Wo          , Wo          , Wo          , Wo          , Wo          , Wo          , Wo          , Wo          , Wo          , Wo          , Wo          , Wo          , Wo          , Wo          , Wo          , Wo          , Wo          , Wo          , Wo          , Wo          , Wo          
Wo          , Wo          , Wo          , Wo          , Wo          , Wo          , Wo          , Wo          , Wo          , Wo          , Wo          , Wo          , Wo          , Wo          , Wo          , Wo          , Wo          , Wo          , Wo          , Wo          , Wo          , Wo          
Wo          , Wo          , Wo          , Wo          , Wo          , Wo          , Wo          , Wo          , Wo          , Wo          , Wo          , Wo          , Xu          , Xu          , Xu          , Wo          , Wo          , Wo          , Wo          , Wo          , Wo          , Wo          
Wo          , Wo          , Wo          , Wo          , Wo          , Wo          , Wo          , Wo          , Wo          , Wo          , Xu          , Xu          , Rb          , Rb          , Rb          , Xu          , Xu          , Wo          , Wo          , Wo          , Wo          , Wo          
Wo          , Wo          , Wo          , Wo          , Wo          , Wo          , Wo          , Wo          , Wo          , Wo          , Xu          , Rb          , Ce          , Ce          , Ce          , Re^Wyb      , Xu          , Wo          , Wo          , Wo          , Wo          , Wo          
Wo          , Wo          , Wo          , Wo          , Wo          , Wo          , Wo          , Wo          , Rd          , Rd          , Rb          , Rb          , Ce          , 2 Ke        , Ce          , Rb          , Xu          , Wo          , Wo          , Wo          , Wo          , Wo          
Wo          , Wo          , Wo          , Wo          , Wo          , Wo          , Rd          , Rd          , Rb          , Rb          , Xu          , Rb          , Rb          , Ce          , Rb          , Rb          , Xu          , Wo          , Wo          , Wo          , Wo          , Wo          
Wo          , Wo          , Wo          , Wo          , Rd          , Rd          , Rb          , Rb          , Rb          , Rb          , Rb          , Rb          , Xu          , Rb          , Xu          , Xu          , Wo          , Wo          , Wo          , Wo          , Wo          , Wo          
Wo          , Wo          , Xu          , Rd          , Rb          , Rb          , Rb          , Xu          , Rb          , Rb          , Rd^Wyb      , Rd          , Wo          , Xu          , Wo          , Wo          , Wo          , Wo          , Wo          , Wo          , Wo          , Wo          
Wo          , Wo          , Xu          , Rb          , Rb          , Rb          , Rb          , Rb          , Rd^Wyb      , Rd          , Ww^Bw|      , Wo          , Wo          , Wo          , Wo          , Wo          , Xu          , Wo          , Wo          , Wo          , Wo          , Wo          
Wo          , Wo          , Xu          , Rb          , Rb          , Rb          , Rd          , Rd          , Ww^Bw|      , Wo          , Ww^Bw|      , Wo          , Wo          , Wo          , Rd          , Rd          , Rb          , Xu          , Xu          , Wo          , Wo          , Wo          
Wo          , Wo          , Wo          , Xu          , Xu          , Rd          , Wo          , Wo          , Ww^Bw|      , Wo          , Ww^Bw|      , Wo          , Rd          , Rd          , Rb          , Rb          , Rb          , Rb          , Xu          , Wo          , Wo          , Wo          
Wo          , Wo          , Wo          , Wo          , Wo          , Wo          , Wo          , Wo          , Ww^Bw|      , Wo          , Rd^Wyb      , Rd          , Rb          , Rb          , Rb          , Xu          , Rb          , Rb          , Xu          , Wo          , Wo          , Wo          
Wo          , Wo          , Wo          , Wo          , Wo          , Wo          , Wo          , Wo          , Rd^Wyb      , Rd          , Rb          , Rb          , Xu          , Rb          , Rb          , Rb          , Rd          , Rd          , Wo          , Wo          , Wo          , Wo          
Wo          , Wo          , Wo          , Wo          , Wo          , Wo          , Rb          , Rd          , Ce          , Rb          , Rb          , Rb          , Rb          , Rb          , Rd          , Rd          , Wo          , Wo          , Wo          , Wo          , Wo          , Wo          
Wo          , Wo          , Wo          , Wo          , Wo          , Xu          , Rb          , Ce          , 1 Ke        , Ce          , Rb          , Rb          , Rd          , Rd          , Wo          , Wo          , Wo          , Wo          , Wo          , Wo          , Wo          , Wo          
Wo          , Wo          , Wo          , Wo          , Wo          , Xu          , Rb          , Ce          , Ce          , Ce          , Rd          , Rd          , Wo          , Wo          , Wo          , Wo          , Wo          , Wo          , Wo          , Wo          , Wo          , Wo          
Wo          , Wo          , Wo          , Wo          , Wo          , Xu          , Xu          , Rb          , Rb          , Rd          , Wo          , Wo          , Wo          , Wo          , Wo          , Wo          , Wo          , Wo          , Wo          , Wo          , Wo          , Wo          
Wo          , Wo          , Wo          , Wo          , Wo          , Wo          , Wo          , Xu          , Wo          , Wo          , Wo          , Wo          , Wo          , Wo          , Wo          , Wo          , Wo          , Wo          , Wo          , Wo          , Wo          , Wo          
Wo          , Wo          , Wo          , Wo          , Wo          , Wo          , Wo          , Wo          , Wo          , Wo          , Wo          , Wo          , Wo          , Wo          , Wo          , Wo          , Wo          , Wo          , Wo          , Wo          , Wo          , Wo          
Wo          , Wo          , Wo          , Wo          , Wo          , Wo          , Wo          , Wo          , Wo          , Wo          , Wo          , Wo          , Wo          , Wo          , Wo          , Wo          , Wo          , Wo          , Wo          , Wo          , Wo          , Wo          
Wo          , Wo          , Wo          , Wo          , Wo          , Wo          , Wo          , Wo          , Wo          , Wo          , Wo          , Wo          , Wo          , Wo          , Wo          , Wo          , Wo          , Wo          , Wo          , Wo          , Wo          , Wo          
