border_size=1
usage=map

Wo          , Wo          , Wo          , Wo          , Wo          , Wo          , Wo          , Wo          , Wo          , Wo          , Wo          , Wo          , Wo          , Wo          , Wo          , Wo          , Wo          , Wo          , Wo          , Wo          , Wo          , Wo          , Wo          
Wo          , Wo          , Wo          , Wo          , Wo          , Wo          , Wo          , Wo          , Wo          , Wo          , Wo          , Wo          , Wo          , Wo          , Wo          , Wo          , Wo          , Wo          , Wo          , Wo          , Wo          , Wo          , Wo          
Wo          , Wo          , Wo          , Wo          , Wo          , Wo          , Wo          , Wo          , Wo          , Wo          , Wo          , Wo          , Wo          , Wo          , Wo          , Wo          , Wo          , Wo          , Wo          , Wo          , Wo          , Wo          , Wo          
Wo          , Wo          , Wo          , Wo          , Wo          , Wo          , Wo          , Wo          , Wo          , Wo          , Wo          , Wo          , Wo          , Wo          , Wo          , Wo          , Wo          , Wo          , Wo          , Wo          , Wo          , Wo          , Wo          
Wo          , Wo          , Wo          , Wo          , Wo          , Wo          , Wo          , Wo          , Wo          , Wo          , Wo          , Wo          , Xu          , Xu          , Xu          , Wo          , Wo          , Wo          , Wo          , Wo          , Wo          , Wo          , Wo          
Wo          , Wo          , Wo          , Wo          , Wo          , Wo          , Wo          , Wo          , Wo          , Wo          , Xu          , Xu          , Rb          , Re^Wyb      , Rb          , Xu          , Xu          , Wo          , Wo          , Wo          , Wo          , Wo          , Wo          
Wo          , Wo          , Wo          , Wo          , Xu          , Xu          , Xu          , Wo          , Wo          , Wo          , Xu          , Rb          , Ce          , Ce          , Ce          , Rb          , Xu          , Wo          , Wo          , Wo          , Wo          , Wo          , Wo          
Wo          , Wo          , Wo          , Xu          , Rb          , Rb          , Rb          , Xu          , Wo          , Wo          , Xu          , Rb          , Ce          , 2 Ke        , Ce          , Rb          , Xu          , Wo          , Wo          , Wo          , Wo          , Wo          , Wo          
Wo          , Wo          , Wo          , Rd          , Rb          , Rb          , Rb          , Rd          , Wo          , Wo          , Xu          , Rb          , Rb          , Ce          , Rb          , Rb          , Xu          , Wo          , Wo          , Wo          , Wo          , Wo          , Wo          
Wo          , Wo          , Wo          , Rd          , Rb          , Xu          , Rb          , Rd          , Wo          , Wo          , Wo          , Xu          , Rb          , Rb          , Rb          , Xu          , Wo          , Wo          , Wo          , Wo          , Wo          , Wo          , Wo          
Wo          , Wo          , Wo          , Rd          , Rb          , Rb          , Rb          , Rd          , Wo          , Wo          , Wo          , Rd          , Rb          , Xu          , Rb          , Rd          , Wo          , Wo          , Wo          , Wo          , Wo          , Wo          , Wo          
Wo          , Wo          , Wo          , Rd          , Rb          , Rb          , Rb          , Rd          , Wo          , Wo          , Ww^Bw/      , Rd^Wyb      , Rb          , Rb          , Rb          , Rd          , Wo          , Wo          , Wo          , Wo          , Wo          , Wo          , Wo          
Wo          , Wo          , Wo          , Rd          , Rb          , Xu          , Rb          , Rd          , Ww^Bw/      , Ww^Bw/      , Wo          , Rd          , Rb          , Rb          , Rb          , Rd          , Wo          , Wo          , Wo          , Wo          , Wo          , Wo          , Wo          
Wo          , Wo          , Wo          , Rd          , Rb          , Rb          , Rb          , Rd^Wyb      , Wo          , Wo          , Ww^Bw/      , Rd^Wyb      , Rb          , Xu          , Rb          , Rd          , Wo          , Wo          , Wo          , Wo          , Wo          , Wo          , Wo          
Wo          , Wo          , Wo          , Rd          , Rb          , Rb          , Rb          , Rd          , Ww^Bw/      , Ww^Bw/      , Wo          , Rd          , Rb          , Rb          , Rb          , Rd          , Wo          , Wo          , Wo          , Wo          , Wo          , Wo          , Wo          
Wo          , Wo          , Wo          , Rd          , Ce          , Ce          , Ce          , Rd^Wyb      , Wo          , Wo          , Wo          , Rd          , Rb          , Rb          , Rb          , Rd          , Wo          , Wo          , Wo          , Wo          , Wo          , Wo          , Wo          
Wo          , Wo          , Wo          , Rd          , Ce          , 1 Ke        , Ce          , Rd          , Wo          , Wo          , Wo          , Rd          , Rb          , Rb          , Rb          , Rd          , Wo          , Wo          , Wo          , Wo          , Wo          , Wo          , Wo          
Wo          , Wo          , Wo          , Rb          , Rb          , Ce          , Rb          , Rb          , Wo          , Wo          , Wo          , Xu          , Xu          , Rb          , Xu          , Xu          , Wo          , Wo          , Wo          , Wo          , Wo          , Wo          , Wo          
Wo          , Wo          , Wo          , Xu          , Xu          , Rb          , Xu          , Xu          , Wo          , Wo          , Wo          , Wo          , Wo          , Xu          , Wo          , Wo          , Wo          , Wo          , Wo          , Wo          , Wo          , Wo          , Wo          
Wo          , Wo          , Wo          , Wo          , Wo          , Xu          , Wo          , Wo          , Wo          , Wo          , Wo          , Wo          , Wo          , Wo          , Wo          , Wo          , Wo          , Wo          , Wo          , Wo          , Wo          , Wo          , Wo          
Wo          , Wo          , Wo          , Wo          , Wo          , Wo          , Wo          , Wo          , Wo          , Wo          , Wo          , Wo          , Wo          , Wo          , Wo          , Wo          , Wo          , Wo          , Wo          , Wo          , Wo          , Wo          , Wo          
Wo          , Wo          , Wo          , Wo          , Wo          , Wo          , Wo          , Wo          , Wo          , Wo          , Wo          , Wo          , Wo          , Wo          , Wo          , Wo          , Wo          , Wo          , Wo          , Wo          , Wo          , Wo          , Wo          
